正在生成...
info: YmsgStub.Server.Data.PlayerStore[0]
      PlayerStore: 0 players loaded from E:\三国单机\ymsg-stub-server\YmsgStub.Server\saves/players.json
dbug: YmsgStub.Server.Network.PacketRouter[0]
      Registered handler AccountLoginHandler for msgId 9020 (MSGID2CS.AccountLogin)
dbug: YmsgStub.Server.Network.PacketRouter[0]
      Registered handler AppHeartBeatHandler for msgId 8 (MSGID2CS.AppHeartBeat)
dbug: YmsgStub.Server.Network.PacketRouter[0]
      Registered handler CreatePlayerHandler for msgId 9013 (MSGID2CS.CreatePlayer)
dbug: YmsgStub.Server.Network.PacketRouter[0]
      Registered handler EnterMapFinishHandler for msgId 11006 (MSGID2CS.EnterMapFinish)
dbug: YmsgStub.Server.Network.PacketRouter[0]
      Registered handler EnterMapHandler for msgId 11005 (MSGID2CS.EnterMap)
dbug: YmsgStub.Server.Network.PacketRouter[0]
      Registered handler GetServerTimeHandler for msgId 10000 (MSGID2CS.GetServerTime)
info: YmsgStub.Server.Network.PacketRouter[0]
      PacketRouter: 6 handlers registered
dbug: YmsgStub.Server.Http.HttpGateway[0]
      Registered HTTP handler GetAllPlayerHandler for msgId 9001 (MSGID2CS.GetAllPlayer)
dbug: YmsgStub.Server.Http.HttpGateway[0]
      Registered HTTP handler GetAllRegionHandler for msgId 9000 (MSGID2CS.GetAllRegion)
dbug: YmsgStub.Server.Http.HttpGateway[0]
      Registered HTTP handler GetRegionLoginServerHandler for msgId 9002 (MSGID2CS.GetRegionLoginServer)
info: YmsgStub.Server.Http.HttpGateway[0]
      HttpGateway: 3 handlers registered
info: YmsgStub.Server.Network.GameServer[0]
      YMSG stub server listening on port 8888
info: Microsoft.Hosting.Lifetime[14]
      Now listening on: http://[::]:8080
info: Microsoft.Hosting.Lifetime[0]
      Application started. Press Ctrl+C to shut down.
info: Microsoft.Hosting.Lifetime[0]
      Hosting environment: Development
info: Microsoft.Hosting.Lifetime[0]
      Content root path: E:\三国单机\ymsg-stub-server\YmsgStub.Server
